[2026-06-18 13:46:16.288][INF] Loading quad file F:\Codes\13\13rim dlc ex\Animation\test_quad.json
[2026-06-18 13:46:16.315][ERR] JSON deserialization error: Error converting value "LINEAR" to type 'QTSCore.Data.Quad.Mix'. Path 'mix[1]', line 9, position 12.
[2026-06-18 13:46:16.315][ERR] JSON deserialization error: Error converting value "LINEAR" to type 'QTSCore.Data.Quad.Mix'. Path 'mix[2]', line 10, position 12.
[2026-06-18 13:46:16.315][ERR] JSON deserialization error: Instances must be initialized before accessing services
[2026-06-18 13:46:16.315][ERR] JSON deserialization error: Instances must be initialized before accessing services
[2026-06-18 13:46:16.316][ERR] JSON deserialization error: Instances must be initialized before accessing services
[2026-06-18 13:46:16.316][ERR] JSON deserialization error: Instances must be initialized before accessing services
[2026-06-18 13:46:16.316][ERR] JSON deserialization error: Instances must be initialized before accessing services
[2026-06-18 13:46:16.316][ERR] JSON deserialization error: Instances must be initialized before accessing services
[2026-06-18 13:46:16.316][ERR] JSON deserialization error: Instances must be initialized before accessing services
[2026-06-18 13:46:16.316][ERR] JSON deserialization error: Instances must be initialized before accessing services
[2026-06-18 13:46:16.316][ERR] JSON deserialization error: Instances must be initialized before accessing services
[2026-06-18 13:46:16.316][ERR] JSON deserialization error: Instances must be initialized before accessing services
[2026-06-18 13:46:16.316][ERR] JSON deserialization error: Instances must be initialized before accessing services
[2026-06-18 13:46:16.316][ERR] JSON deserialization error: Instances must be initialized before accessing services
[2026-06-18 13:46:16.316][ERR] JSON deserialization error: Instances must be initialized before accessing services
[2026-06-18 13:46:16.316][ERR] JSON deserialization error: Instances must be initialized before accessing services
[2026-06-18 13:46:16.316][ERR] JSON deserialization error: Instances must be initialized before accessing services
[2026-06-18 13:46:16.316][ERR] JSON deserialization error: Instances must be initialized before accessing services
[2026-06-18 13:46:16.316][ERR] JSON deserialization error: Instances must be initialized before accessing services
[2026-06-18 13:46:16.316][ERR] JSON deserialization error: Instances must be initialized before accessing services
[2026-06-18 13:46:16.316][ERR] JSON deserialization error: Instances must be initialized before accessing services
[2026-06-18 13:46:16.316][ERR] JSON deserialization error: Instances must be initialized before accessing services
[2026-06-18 13:46:16.316][ERR] JSON deserialization error: Instances must be initialized before accessing services
[2026-06-18 13:46:16.316][ERR] JSON deserialization error: Instances must be initialized before accessing services
[2026-06-18 13:46:16.316][ERR] JSON deserialization error: Instances must be initialized before accessing services
[2026-06-18 13:46:16.316][ERR] JSON deserialization error: Instances must be initialized before accessing services
[2026-06-18 13:46:16.316][ERR] JSON deserialization error: Instances must be initialized before accessing services
[2026-06-18 13:46:16.316][ERR] JSON deserialization error: Instances must be initialized before accessing services
[2026-06-18 13:46:16.316][ERR] JSON deserialization error: Instances must be initialized before accessing services
[2026-06-18 13:46:16.316][ERR] JSON deserialization error: Instances must be initialized before accessing services
[2026-06-18 13:46:16.316][ERR] JSON deserialization error: Instances must be initialized before accessing services
[2026-06-18 13:46:16.316][ERR] JSON deserialization error: Instances must be initialized before accessing services
[2026-06-18 13:46:16.316][ERR] JSON deserialization error: Instances must be initialized before accessing services
[2026-06-18 13:46:16.316][ERR] JSON deserialization error: Instances must be initialized before accessing services
[2026-06-18 13:46:16.316][ERR] JSON deserialization error: Instances must be initialized before accessing services
[2026-06-18 13:46:16.316][ERR] JSON deserialization error: Instances must be initialized before accessing services
[2026-06-18 13:46:16.316][ERR] JSON deserialization error: Instances must be initialized before accessing services
[2026-06-18 13:46:16.316][ERR] JSON deserialization error: Instances must be initialized before accessing services
[2026-06-18 13:46:16.316][ERR] JSON deserialization error: Instances must be initialized before accessing services
[2026-06-18 13:46:16.316][ERR] JSON deserialization error: Instances must be initialized before accessing services
[2026-06-18 13:46:16.316][ERR] JSON deserialization error: Instances must be initialized before accessing services
[2026-06-18 13:46:16.316][ERR] JSON deserialization error: Instances must be initialized before accessing services
[2026-06-18 13:46:16.316][ERR] JSON deserialization error: Instances must be initialized before accessing services
[2026-06-18 13:46:16.316][ERR] JSON deserialization error: Instances must be initialized before accessing services
[2026-06-18 13:46:16.316][ERR] JSON deserialization error: Instances must be initialized before accessing services
[2026-06-18 13:46:16.316][ERR] JSON deserialization error: Instances must be initialized before accessing services
[2026-06-18 13:46:16.316][ERR] JSON deserialization error: Instances must be initialized before accessing services
[2026-06-18 13:46:16.316][ERR] JSON deserialization error: Instances must be initialized before accessing services
[2026-06-18 13:46:16.316][ERR] JSON deserialization error: Instances must be initialized before accessing services
[2026-06-18 13:46:16.316][ERR] JSON deserialization error: Instances must be initialized before accessing services
[2026-06-18 13:46:16.316][ERR] JSON deserialization error: Instances must be initialized before accessing services
[2026-06-18 13:46:16.316][ERR] JSON deserialization error: Instances must be initialized before accessing services
[2026-06-18 13:46:16.316][ERR] JSON deserialization error: Instances must be initialized before accessing services
[2026-06-18 13:46:16.316][ERR] JSON deserialization error: Instances must be initialized before accessing services
[2026-06-18 13:46:16.316][ERR] JSON deserialization error: Instances must be initialized before accessing services
[2026-06-18 13:46:16.316][ERR] JSON deserialization error: Instances must be initialized before accessing services
[2026-06-18 13:46:16.316][ERR] JSON deserialization error: Instances must be initialized before accessing services
[2026-06-18 13:46:16.316][ERR] JSON deserialization error: Instances must be initialized before accessing services
[2026-06-18 13:46:16.316][ERR] JSON deserialization error: Instances must be initialized before accessing services
[2026-06-18 13:46:16.316][ERR] JSON deserialization error: Instances must be initialized before accessing services
[2026-06-18 13:46:16.316][ERR] JSON deserialization error: Instances must be initialized before accessing services
[2026-06-18 13:46:16.316][ERR] JSON deserialization error: Instances must be initialized before accessing services
[2026-06-18 13:46:16.316][ERR] JSON deserialization error: Instances must be initialized before accessing services
[2026-06-18 13:46:16.316][ERR] JSON deserialization error: Instances must be initialized before accessing services
[2026-06-18 13:46:16.316][ERR] JSON deserialization error: Instances must be initialized before accessing services
[2026-06-18 13:46:16.316][ERR] JSON deserialization error: Instances must be initialized before accessing services
[2026-06-18 13:46:16.316][ERR] JSON deserialization error: Instances must be initialized before accessing services
[2026-06-18 13:46:16.316][ERR] JSON deserialization error: Instances must be initialized before accessing services
[2026-06-18 13:46:16.316][ERR] JSON deserialization error: Instances must be initialized before accessing services
[2026-06-18 13:46:16.316][ERR] JSON deserialization error: Instances must be initialized before accessing services
[2026-06-18 13:46:16.316][ERR] JSON deserialization error: Instances must be initialized before accessing services
[2026-06-18 13:46:16.316][ERR] JSON deserialization error: Instances must be initialized before accessing services
[2026-06-18 13:46:16.316][ERR] JSON deserialization error: Instances must be initialized before accessing services
[2026-06-18 13:46:16.316][ERR] JSON deserialization error: Instances must be initialized before accessing services
[2026-06-18 13:46:16.316][ERR] JSON deserialization error: Instances must be initialized before accessing services
[2026-06-18 13:46:16.316][ERR] JSON deserialization error: Instances must be initialized before accessing services
[2026-06-18 13:46:16.316][ERR] JSON deserialization error: Instances must be initialized before accessing services
[2026-06-18 13:46:16.316][ERR] JSON deserialization error: Instances must be initialized before accessing services
[2026-06-18 13:46:16.316][ERR] JSON deserialization error: Instances must be initialized before accessing services
[2026-06-18 13:46:16.316][ERR] JSON deserialization error: Instances must be initialized before accessing services
[2026-06-18 13:46:16.316][ERR] JSON deserialization error: Instances must be initialized before accessing services
[2026-06-18 13:46:16.316][ERR] JSON deserialization error: Instances must be initialized before accessing services
[2026-06-18 13:46:16.316][ERR] JSON deserialization error: Instances must be initialized before accessing services
[2026-06-18 13:46:16.316][ERR] JSON deserialization error: Instances must be initialized before accessing services
[2026-06-18 13:46:16.316][ERR] JSON deserialization error: Instances must be initialized before accessing services
[2026-06-18 13:46:16.316][ERR] JSON deserialization error: Instances must be initialized before accessing services
[2026-06-18 13:46:16.316][ERR] JSON deserialization error: Instances must be initialized before accessing services
[2026-06-18 13:46:16.316][ERR] JSON deserialization error: Instances must be initialized before accessing services
[2026-06-18 13:46:16.316][ERR] JSON deserialization error: Instances must be initialized before accessing services
[2026-06-18 13:46:16.316][ERR] JSON deserialization error: Instances must be initialized before accessing services
[2026-06-18 13:46:16.316][ERR] JSON deserialization error: Instances must be initialized before accessing services
[2026-06-18 13:46:16.316][ERR] JSON deserialization error: Instances must be initialized before accessing services
[2026-06-18 13:46:16.316][ERR] JSON deserialization error: Instances must be initialized before accessing services
[2026-06-18 13:46:16.316][ERR] JSON deserialization error: Instances must be initialized before accessing services
[2026-06-18 13:46:16.316][ERR] JSON deserialization error: Instances must be initialized before accessing services
[2026-06-18 13:46:16.316][ERR] JSON deserialization error: Instances must be initialized before accessing services
[2026-06-18 13:46:16.316][ERR] JSON deserialization error: Instances must be initialized before accessing services
[2026-06-18 13:46:16.316][ERR] JSON deserialization error: Instances must be initialized before accessing services
[2026-06-18 13:46:16.316][ERR] JSON deserialization error: Instances must be initialized before accessing services
[2026-06-18 13:46:16.316][ERR] JSON deserialization error: Instances must be initialized before accessing services
[2026-06-18 13:46:16.316][ERR] JSON deserialization error: Instances must be initialized before accessing services
[2026-06-18 13:46:16.316][ERR] JSON deserialization error: Instances must be initialized before accessing services
[2026-06-18 13:46:16.316][ERR] JSON deserialization error: Instances must be initialized before accessing services
[2026-06-18 13:46:16.316][ERR] JSON deserialization error: Instances must be initialized before accessing services
[2026-06-18 13:46:16.316][ERR] JSON deserialization error: Instances must be initialized before accessing services
[2026-06-18 13:46:16.316][ERR] JSON deserialization error: Instances must be initialized before accessing services
[2026-06-18 13:46:16.316][ERR] JSON deserialization error: Instances must be initialized before accessing services
[2026-06-18 13:46:16.316][ERR] JSON deserialization error: Instances must be initialized before accessing services
[2026-06-18 13:46:16.316][ERR] JSON deserialization error: Instances must be initialized before accessing services
[2026-06-18 13:46:16.316][ERR] JSON deserialization error: Instances must be initialized before accessing services
[2026-06-18 13:46:16.316][ERR] JSON deserialization error: Instances must be initialized before accessing services
[2026-06-18 13:46:16.316][ERR] JSON deserialization error: Instances must be initialized before accessing services
[2026-06-18 13:46:16.316][ERR] JSON deserialization error: Instances must be initialized before accessing services
[2026-06-18 13:46:16.316][ERR] JSON deserialization error: Instances must be initialized before accessing services
[2026-06-18 13:46:16.316][ERR] JSON deserialization error: Instances must be initialized before accessing services
[2026-06-18 13:46:16.316][ERR] JSON deserialization error: Instances must be initialized before accessing services
[2026-06-18 13:46:16.317][ERR] JSON deserialization error: Instances must be initialized before accessing services
[2026-06-18 13:46:16.317][ERR] JSON deserialization error: Instances must be initialized before accessing services
[2026-06-18 13:46:16.317][ERR] JSON deserialization error: Instances must be initialized before accessing services
[2026-06-18 13:46:16.317][ERR] JSON deserialization error: Instances must be initialized before accessing services
[2026-06-18 13:46:16.317][ERR] JSON deserialization error: Instances must be initialized before accessing services
[2026-06-18 13:46:16.317][ERR] JSON deserialization error: Instances must be initialized before accessing services
[2026-06-18 13:46:16.317][ERR] JSON deserialization error: Instances must be initialized before accessing services
[2026-06-18 13:46:16.317][ERR] JSON deserialization error: Instances must be initialized before accessing services
[2026-06-18 13:46:16.317][ERR] JSON deserialization error: Instances must be initialized before accessing services
[2026-06-18 13:46:16.317][ERR] JSON deserialization error: Instances must be initialized before accessing services
[2026-06-18 13:46:16.317][ERR] JSON deserialization error: Instances must be initialized before accessing services
[2026-06-18 13:46:16.317][ERR] JSON deserialization error: Instances must be initialized before accessing services
[2026-06-18 13:46:16.317][ERR] JSON deserialization error: Instances must be initialized before accessing services
[2026-06-18 13:46:16.317][ERR] JSON deserialization error: Instances must be initialized before accessing services
[2026-06-18 13:46:16.317][ERR] JSON deserialization error: Instances must be initialized before accessing services
[2026-06-18 13:46:16.317][ERR] JSON deserialization error: Instances must be initialized before accessing services
[2026-06-18 13:46:16.317][ERR] JSON deserialization error: Instances must be initialized before accessing services
[2026-06-18 13:46:16.317][ERR] JSON deserialization error: Instances must be initialized before accessing services
[2026-06-18 13:46:16.317][ERR] JSON deserialization error: Instances must be initialized before accessing services
[2026-06-18 13:46:16.317][ERR] JSON deserialization error: Instances must be initialized before accessing services
[2026-06-18 13:46:16.317][ERR] JSON deserialization error: Instances must be initialized before accessing services
[2026-06-18 13:46:16.317][ERR] JSON deserialization error: Instances must be initialized before accessing services
[2026-06-18 13:46:16.317][ERR] JSON deserialization error: Instances must be initialized before accessing services
[2026-06-18 13:46:16.317][ERR] JSON deserialization error: Instances must be initialized before accessing services
[2026-06-18 13:46:16.317][ERR] JSON deserialization error: Instances must be initialized before accessing services
[2026-06-18 13:46:16.317][ERR] JSON deserialization error: Instances must be initialized before accessing services
[2026-06-18 13:46:16.317][ERR] JSON deserialization error: Instances must be initialized before accessing services
[2026-06-18 13:46:16.317][ERR] JSON deserialization error: Instances must be initialized before accessing services
[2026-06-18 13:46:16.317][ERR] JSON deserialization error: Instances must be initialized before accessing services
[2026-06-18 13:46:16.317][ERR] JSON deserialization error: Instances must be initialized before accessing services
[2026-06-18 13:46:16.317][ERR] JSON deserialization error: Instances must be initialized before accessing services
[2026-06-18 13:46:16.317][ERR] JSON deserialization error: Instances must be initialized before accessing services
[2026-06-18 13:46:16.317][ERR] JSON deserialization error: Instances must be initialized before accessing services
[2026-06-18 13:46:16.317][ERR] JSON deserialization error: Instances must be initialized before accessing services
[2026-06-18 13:46:16.317][ERR] JSON deserialization error: Instances must be initialized before accessing services
[2026-06-18 13:46:16.317][ERR] JSON deserialization error: Instances must be initialized before accessing services
[2026-06-18 13:46:16.317][ERR] JSON deserialization error: Instances must be initialized before accessing services
[2026-06-18 13:46:16.317][ERR] JSON deserialization error: Instances must be initialized before accessing services
[2026-06-18 13:46:16.317][ERR] JSON deserialization error: Instances must be initialized before accessing services
[2026-06-18 13:46:16.317][ERR] JSON deserialization error: Instances must be initialized before accessing services
[2026-06-18 13:46:16.317][ERR] JSON deserialization error: Instances must be initialized before accessing services
[2026-06-18 13:46:16.317][ERR] JSON deserialization error: Instances must be initialized before accessing services
[2026-06-18 13:46:16.317][ERR] JSON deserialization error: Instances must be initialized before accessing services
[2026-06-18 13:46:16.317][ERR] JSON deserialization error: Instances must be initialized before accessing services
[2026-06-18 13:46:16.317][ERR] JSON deserialization error: Instances must be initialized before accessing services
[2026-06-18 13:46:16.317][ERR] JSON deserialization error: Instances must be initialized before accessing services
[2026-06-18 13:46:16.317][ERR] JSON deserialization error: Instances must be initialized before accessing services
[2026-06-18 13:46:16.317][ERR] JSON deserialization error: Instances must be initialized before accessing services
[2026-06-18 13:46:16.317][ERR] JSON deserialization error: Instances must be initialized before accessing services
[2026-06-18 13:46:16.317][ERR] JSON deserialization error: Instances must be initialized before accessing services
[2026-06-18 13:46:16.317][ERR] JSON deserialization error: Instances must be initialized before accessing services
[2026-06-18 13:46:16.317][ERR] JSON deserialization error: Instances must be initialized before accessing services
[2026-06-18 13:46:16.317][ERR] JSON deserialization error: Instances must be initialized before accessing services
[2026-06-18 13:46:16.317][ERR] JSON deserialization error: Instances must be initialized before accessing services
[2026-06-18 13:46:16.317][ERR] JSON deserialization error: Instances must be initialized before accessing services
[2026-06-18 13:46:16.317][ERR] JSON deserialization error: Instances must be initialized before accessing services
[2026-06-18 13:46:16.317][ERR] JSON deserialization error: Instances must be initialized before accessing services
[2026-06-18 13:46:16.317][ERR] JSON deserialization error: Instances must be initialized before accessing services
[2026-06-18 13:46:16.317][ERR] JSON deserialization error: Instances must be initialized before accessing services
[2026-06-18 13:46:16.317][ERR] JSON deserialization error: Instances must be initialized before accessing services
[2026-06-18 13:46:16.317][ERR] JSON deserialization error: Instances must be initialized before accessing services
[2026-06-18 13:46:16.317][ERR] JSON deserialization error: Instances must be initialized before accessing services
[2026-06-18 13:46:16.317][ERR] JSON deserialization error: Instances must be initialized before accessing services
[2026-06-18 13:46:16.317][ERR] JSON deserialization error: Instances must be initialized before accessing services
[2026-06-18 13:46:16.317][ERR] JSON deserialization error: Instances must be initialized before accessing services
[2026-06-18 13:46:16.317][ERR] JSON deserialization error: Instances must be initialized before accessing services
[2026-06-18 13:46:16.317][ERR] JSON deserialization error: Instances must be initialized before accessing services
[2026-06-18 13:46:16.317][ERR] JSON deserialization error: Instances must be initialized before accessing services
[2026-06-18 13:46:16.317][ERR] JSON deserialization error: Instances must be initialized before accessing services
[2026-06-18 13:46:16.317][ERR] JSON deserialization error: Instances must be initialized before accessing services
[2026-06-18 13:46:16.317][ERR] JSON deserialization error: Instances must be initialized before accessing services
[2026-06-18 13:46:16.317][ERR] JSON deserialization error: Instances must be initialized before accessing services
[2026-06-18 13:46:16.317][ERR] JSON deserialization error: Instances must be initialized before accessing services
[2026-06-18 13:46:16.317][ERR] JSON deserialization error: Instances must be initialized before accessing services
[2026-06-18 13:46:16.317][ERR] JSON deserialization error: Instances must be initialized before accessing services
[2026-06-18 13:46:16.317][ERR] JSON deserialization error: Instances must be initialized before accessing services
[2026-06-18 13:46:16.317][ERR] JSON deserialization error: Instances must be initialized before accessing services
[2026-06-18 13:46:16.317][ERR] JSON deserialization error: Instances must be initialized before accessing services
[2026-06-18 13:46:16.317][ERR] JSON deserialization error: Instances must be initialized before accessing services
[2026-06-18 13:46:16.317][ERR] JSON deserialization error: Instances must be initialized before accessing services
[2026-06-18 13:46:16.317][ERR] JSON deserialization error: Instances must be initialized before accessing services
[2026-06-18 13:46:16.317][ERR] JSON deserialization error: Instances must be initialized before accessing services
[2026-06-18 13:46:16.317][ERR] JSON deserialization error: Instances must be initialized before accessing services
[2026-06-18 13:46:16.317][ERR] JSON deserialization error: Instances must be initialized before accessing services
[2026-06-18 13:46:16.317][ERR] JSON deserialization error: Instances must be initialized before accessing services
[2026-06-18 13:46:16.317][ERR] JSON deserialization error: Instances must be initialized before accessing services
[2026-06-18 13:46:16.317][ERR] JSON deserialization error: Instances must be initialized before accessing services
[2026-06-18 13:46:16.317][ERR] JSON deserialization error: Instances must be initialized before accessing services
[2026-06-18 13:46:16.317][ERR] JSON deserialization error: Instances must be initialized before accessing services
[2026-06-18 13:46:16.317][ERR] JSON deserialization error: Instances must be initialized before accessing services
[2026-06-18 13:46:16.317][ERR] JSON deserialization error: Instances must be initialized before accessing services
[2026-06-18 13:46:16.317][ERR] JSON deserialization error: Instances must be initialized before accessing services
[2026-06-18 13:46:16.317][ERR] JSON deserialization error: Instances must be initialized before accessing services
[2026-06-18 13:46:16.317][ERR] JSON deserialization error: Instances must be initialized before accessing services
[2026-06-18 13:46:16.317][ERR] JSON deserialization error: Instances must be initialized before accessing services
[2026-06-18 13:46:16.317][ERR] JSON deserialization error: Instances must be initialized before accessing services
[2026-06-18 13:46:16.317][ERR] JSON deserialization error: Instances must be initialized before accessing services
[2026-06-18 13:46:16.317][ERR] JSON deserialization error: Instances must be initialized before accessing services
[2026-06-18 13:46:16.317][ERR] JSON deserialization error: Instances must be initialized before accessing services
[2026-06-18 13:46:16.317][ERR] JSON deserialization error: Instances must be initialized before accessing services
[2026-06-18 13:46:16.317][ERR] JSON deserialization error: Instances must be initialized before accessing services
[2026-06-18 13:46:16.317][ERR] JSON deserialization error: Instances must be initialized before accessing services
[2026-06-18 13:46:16.317][ERR] JSON deserialization error: Instances must be initialized before accessing services
[2026-06-18 13:46:16.317][ERR] JSON deserialization error: Instances must be initialized before accessing services
[2026-06-18 13:46:16.317][ERR] JSON deserialization error: Instances must be initialized before accessing services
[2026-06-18 13:46:16.317][ERR] JSON deserialization error: Instances must be initialized before accessing services
[2026-06-18 13:46:16.317][ERR] JSON deserialization error: Instances must be initialized before accessing services
[2026-06-18 13:46:16.317][ERR] JSON deserialization error: Instances must be initialized before accessing services
[2026-06-18 13:46:16.317][ERR] JSON deserialization error: Instances must be initialized before accessing services
[2026-06-18 13:46:16.317][ERR] JSON deserialization error: Instances must be initialized before accessing services
[2026-06-18 13:46:16.317][ERR] JSON deserialization error: Instances must be initialized before accessing services
[2026-06-18 13:46:16.317][ERR] JSON deserialization error: Instances must be initialized before accessing services
[2026-06-18 13:46:16.317][ERR] JSON deserialization error: Instances must be initialized before accessing services
[2026-06-18 13:46:16.317][ERR] JSON deserialization error: Instances must be initialized before accessing services
[2026-06-18 13:46:16.317][ERR] JSON deserialization error: Instances must be initialized before accessing services
[2026-06-18 13:46:16.317][ERR] JSON deserialization error: Instances must be initialized before accessing services
[2026-06-18 13:46:16.317][ERR] JSON deserialization error: Instances must be initialized before accessing services
[2026-06-18 13:46:16.317][ERR] JSON deserialization error: Instances must be initialized before accessing services
[2026-06-18 13:46:16.318][ERR] JSON deserialization error: Instances must be initialized before accessing services
[2026-06-18 13:46:16.318][ERR] JSON deserialization error: Instances must be initialized before accessing services
[2026-06-18 13:46:16.318][ERR] JSON deserialization error: Instances must be initialized before accessing services
[2026-06-18 13:46:16.318][ERR] JSON deserialization error: Instances must be initialized before accessing services
[2026-06-18 13:46:16.318][ERR] JSON deserialization error: Instances must be initialized before accessing services
[2026-06-18 13:46:16.318][ERR] JSON deserialization error: Instances must be initialized before accessing services
[2026-06-18 13:46:16.318][ERR] JSON deserialization error: Instances must be initialized before accessing services
[2026-06-18 13:46:16.318][ERR] JSON deserialization error: Instances must be initialized before accessing services
[2026-06-18 13:46:16.318][ERR] JSON deserialization error: Instances must be initialized before accessing services
[2026-06-18 13:46:16.318][ERR] JSON deserialization error: Instances must be initialized before accessing services
[2026-06-18 13:46:16.318][ERR] JSON deserialization error: Instances must be initialized before accessing services
[2026-06-18 13:46:16.318][ERR] JSON deserialization error: Instances must be initialized before accessing services
[2026-06-18 13:46:16.318][ERR] JSON deserialization error: Instances must be initialized before accessing services
[2026-06-18 13:46:16.318][ERR] JSON deserialization error: Instances must be initialized before accessing services
[2026-06-18 13:46:16.318][ERR] JSON deserialization error: Instances must be initialized before accessing services
[2026-06-18 13:46:16.318][ERR] JSON deserialization error: Instances must be initialized before accessing services
[2026-06-18 13:46:16.318][ERR] JSON deserialization error: Instances must be initialized before accessing services
[2026-06-18 13:46:16.318][ERR] JSON deserialization error: Instances must be initialized before accessing services
[2026-06-18 13:46:16.318][ERR] JSON deserialization error: Instances must be initialized before accessing services
[2026-06-18 13:46:16.318][ERR] JSON deserialization error: Instances must be initialized before accessing services
[2026-06-18 13:46:16.318][ERR] JSON deserialization error: Instances must be initialized before accessing services
[2026-06-18 13:46:16.318][ERR] JSON deserialization error: Instances must be initialized before accessing services
[2026-06-18 13:46:16.318][ERR] JSON deserialization error: Instances must be initialized before accessing services
[2026-06-18 13:46:16.318][ERR] JSON deserialization error: Instances must be initialized before accessing services
[2026-06-18 13:46:16.318][ERR] JSON deserialization error: Instances must be initialized before accessing services
[2026-06-18 13:46:16.318][ERR] JSON deserialization error: Instances must be initialized before accessing services
[2026-06-18 13:46:16.318][ERR] JSON deserialization error: Instances must be initialized before accessing services
[2026-06-18 13:46:16.318][ERR] JSON deserialization error: Instances must be initialized before accessing services
[2026-06-18 13:46:16.318][ERR] JSON deserialization error: Instances must be initialized before accessing services
[2026-06-18 13:46:16.318][ERR] JSON deserialization error: Instances must be initialized before accessing services
[2026-06-18 13:46:16.318][ERR] JSON deserialization error: Instances must be initialized before accessing services
[2026-06-18 13:46:16.318][ERR] JSON deserialization error: Instances must be initialized before accessing services
[2026-06-18 13:46:16.318][ERR] JSON deserialization error: Instances must be initialized before accessing services
[2026-06-18 13:46:16.318][ERR] JSON deserialization error: Instances must be initialized before accessing services
[2026-06-18 13:46:16.318][ERR] JSON deserialization error: Instances must be initialized before accessing services
[2026-06-18 13:46:16.318][ERR] JSON deserialization error: Instances must be initialized before accessing services
[2026-06-18 13:46:16.318][ERR] JSON deserialization error: Instances must be initialized before accessing services
[2026-06-18 13:46:16.318][ERR] JSON deserialization error: Instances must be initialized before accessing services
[2026-06-18 13:46:16.318][ERR] JSON deserialization error: Instances must be initialized before accessing services
[2026-06-18 13:46:16.318][ERR] JSON deserialization error: Instances must be initialized before accessing services
[2026-06-18 13:46:16.318][ERR] JSON deserialization error: Instances must be initialized before accessing services
[2026-06-18 13:46:16.318][ERR] JSON deserialization error: Instances must be initialized before accessing services
[2026-06-18 13:46:16.318][ERR] JSON deserialization error: Instances must be initialized before accessing services
[2026-06-18 13:46:16.318][ERR] JSON deserialization error: Instances must be initialized before accessing services
[2026-06-18 13:46:16.318][ERR] JSON deserialization error: Instances must be initialized before accessing services
[2026-06-18 13:46:16.318][ERR] JSON deserialization error: Instances must be initialized before accessing services
[2026-06-18 13:46:16.318][ERR] JSON deserialization error: Instances must be initialized before accessing services
[2026-06-18 13:46:16.318][ERR] JSON deserialization error: Instances must be initialized before accessing services
[2026-06-18 13:46:16.318][ERR] JSON deserialization error: Instances must be initialized before accessing services
[2026-06-18 13:46:16.318][ERR] JSON deserialization error: Instances must be initialized before accessing services
[2026-06-18 13:46:16.318][ERR] JSON deserialization error: Instances must be initialized before accessing services
[2026-06-18 13:46:16.318][ERR] JSON deserialization error: Instances must be initialized before accessing services
[2026-06-18 13:46:16.318][ERR] JSON deserialization error: Instances must be initialized before accessing services
[2026-06-18 13:46:16.318][ERR] JSON deserialization error: Instances must be initialized before accessing services
[2026-06-18 13:46:16.318][ERR] JSON deserialization error: Instances must be initialized before accessing services
[2026-06-18 13:46:16.318][ERR] JSON deserialization error: Instances must be initialized before accessing services
[2026-06-18 13:46:16.318][ERR] JSON deserialization error: Instances must be initialized before accessing services
[2026-06-18 13:46:16.318][ERR] JSON deserialization error: Instances must be initialized before accessing services
[2026-06-18 13:46:16.318][ERR] JSON deserialization error: Instances must be initialized before accessing services
[2026-06-18 13:46:16.318][ERR] JSON deserialization error: Instances must be initialized before accessing services
[2026-06-18 13:46:16.318][ERR] JSON deserialization error: Instances must be initialized before accessing services
[2026-06-18 13:46:16.318][ERR] JSON deserialization error: Instances must be initialized before accessing services
[2026-06-18 13:46:16.318][ERR] JSON deserialization error: Instances must be initialized before accessing services
[2026-06-18 13:46:16.318][ERR] JSON deserialization error: Instances must be initialized before accessing services
[2026-06-18 13:46:16.318][ERR] JSON deserialization error: Instances must be initialized before accessing services
[2026-06-18 13:46:16.318][ERR] JSON deserialization error: Instances must be initialized before accessing services
[2026-06-18 13:46:16.318][ERR] JSON deserialization error: Instances must be initialized before accessing services
[2026-06-18 13:46:16.318][ERR] JSON deserialization error: Instances must be initialized before accessing services
[2026-06-18 13:46:16.318][ERR] JSON deserialization error: Instances must be initialized before accessing services
[2026-06-18 13:46:16.318][ERR] JSON deserialization error: Instances must be initialized before accessing services
[2026-06-18 13:46:16.318][ERR] JSON deserialization error: Instances must be initialized before accessing services
[2026-06-18 13:46:16.318][ERR] JSON deserialization error: Instances must be initialized before accessing services
[2026-06-18 13:46:16.318][ERR] JSON deserialization error: Instances must be initialized before accessing services
[2026-06-18 13:46:16.318][ERR] JSON deserialization error: Instances must be initialized before accessing services
[2026-06-18 13:46:16.318][ERR] JSON deserialization error: Instances must be initialized before accessing services
[2026-06-18 13:46:16.318][ERR] JSON deserialization error: Instances must be initialized before accessing services
[2026-06-18 13:46:16.318][ERR] JSON deserialization error: Instances must be initialized before accessing services
[2026-06-18 13:46:16.318][ERR] JSON deserialization error: Instances must be initialized before accessing services
[2026-06-18 13:46:16.318][ERR] JSON deserialization error: Instances must be initialized before accessing services
[2026-06-18 13:46:16.318][ERR] JSON deserialization error: Instances must be initialized before accessing services
[2026-06-18 13:46:16.318][INF] Combining animations...
[2026-06-18 13:50:00.826][INF] Loading quad file F:\Codes\13\13rim dlc ex\Animation\test_quad.json
[2026-06-18 13:50:00.848][ERR] JSON deserialization error: Error converting value "LINEAR" to type 'QTSCore.Data.Quad.Mix'. Path 'mix[1]', line 9, position 12.
[2026-06-18 13:50:00.848][ERR] JSON deserialization error: Error converting value "LINEAR" to type 'QTSCore.Data.Quad.Mix'. Path 'mix[2]', line 10, position 12.
[2026-06-18 13:50:00.848][INF] Combining animations...
[2026-06-18 13:50:00.848][INF] Combining animations completed
[2026-06-18 13:50:00.848][INF] Quad file loaded successfully
[2026-06-18 13:50:00.848][INF] Initializing image resource library, source count: 0
[2026-06-18 13:50:00.848][ERR] Image source list cannot be empty
[2026-06-18 14:04:07.712][INF] Loading quad file F:\Codes\13\13rim dlc ex\Animation\Shippo00.quad.json
[2026-06-18 14:04:07.732][ERR] JSON deserialization error: Error converting value "LINEAR" to type 'QTSCore.Data.Quad.Mix'. Path 'mix[1]', line 9, position 12.
[2026-06-18 14:04:07.732][ERR] JSON deserialization error: Error converting value "LINEAR" to type 'QTSCore.Data.Quad.Mix'. Path 'mix[2]', line 10, position 12.
[2026-06-18 14:04:07.732][INF] Combining animations...
[2026-06-18 14:04:07.732][INF] Combining animations completed
[2026-06-18 14:04:07.732][INF] Quad file loaded successfully
[2026-06-18 14:04:07.732][INF] Initializing image resource library, source count: 0
[2026-06-18 14:04:07.732][ERR] Image source list cannot be empty
[2026-06-18 14:20:49.188][INF] Loading quad file F:\Codes\13\13rim dlc ex\Animation\Shippo00.quad.json
[2026-06-18 14:20:49.210][ERR] JSON deserialization error: Error converting value "LINEAR" to type 'QTSCore.Data.Quad.Mix'. Path 'mix[1]', line 9, position 12.
[2026-06-18 14:20:49.210][ERR] JSON deserialization error: Error converting value "LINEAR" to type 'QTSCore.Data.Quad.Mix'. Path 'mix[2]', line 10, position 12.
[2026-06-18 14:20:49.210][INF] Combining animations...
[2026-06-18 14:20:49.210][INF] Combining animations completed
[2026-06-18 14:20:49.210][INF] Quad file loaded successfully
[2026-06-18 14:20:49.210][INF] Initializing image resource library, source count: 0
[2026-06-18 14:20:49.210][ERR] Image source list cannot be empty
[2026-06-18 16:15:55.138][INF] [文件解析] 开始解析 - 路径: F:\Codes\13\13rim dlc ex\Animation\Aiba00.ftx
[2026-06-18 16:15:55.173][INF] [平台检测] 识别成功 - 平台: PS4, 文件: Aiba00.ftx
[2026-06-18 16:15:55.830][INF] [文件解析] 开始解析 - 路径: F:\Codes\13\13rim dlc ex\Animation\Aiba_monpe00.ftx
[2026-06-18 16:15:55.832][INF] [平台检测] 识别成功 - 平台: PS4, 文件: Aiba_monpe00.ftx
[2026-06-18 16:15:56.355][INF] [文件解析] 开始解析 - 路径: F:\Codes\13\13rim dlc ex\Animation\Amiguchi00.ftx
[2026-06-18 16:15:56.357][INF] [平台检测] 识别成功 - 平台: PS4, 文件: Amiguchi00.ftx
[2026-06-18 16:15:56.996][INF] [文件解析] 开始解析 - 路径: F:\Codes\13\13rim dlc ex\Animation\Animation_BG.ftx
[2026-06-18 16:15:57.037][INF] [平台检测] 识别成功 - 平台: PS4, 文件: Animation_BG.ftx
[2026-06-18 16:16:04.938][INF] [文件解析] 开始解析 - 路径: F:\Codes\13\13rim dlc ex\Animation\Bj00.ftx
[2026-06-18 16:16:04.939][INF] [平台检测] 识别成功 - 平台: PS4, 文件: Bj00.ftx
[2026-06-18 16:16:05.224][INF] [文件解析] 开始解析 - 路径: F:\Codes\13\13rim dlc ex\Animation\Chihiro00.ftx
[2026-06-18 16:16:05.226][INF] [平台检测] 识别成功 - 平台: PS4, 文件: Chihiro00.ftx
[2026-06-18 16:16:05.598][INF] [文件解析] 开始解析 - 路径: F:\Codes\13\13rim dlc ex\Animation\Chihiro_monpe00.ftx
[2026-06-18 16:16:05.600][INF] [平台检测] 识别成功 - 平台: PS4, 文件: Chihiro_monpe00.ftx
[2026-06-18 16:16:05.929][INF] [文件解析] 开始解析 - 路径: F:\Codes\13\13rim dlc ex\Animation\Fuyusaka00.ftx
[2026-06-18 16:16:05.931][INF] [平台检测] 识别成功 - 平台: PS4, 文件: Fuyusaka00.ftx
[2026-06-18 16:16:06.717][INF] [文件解析] 开始解析 - 路径: F:\Codes\13\13rim dlc ex\Animation\Gouto00.ftx
[2026-06-18 16:16:06.720][INF] [平台检测] 识别成功 - 平台: PS4, 文件: Gouto00.ftx
[2026-06-18 16:16:07.528][INF] [文件解析] 开始解析 - 路径: F:\Codes\13\13rim dlc ex\Animation\Hijiyama00.ftx
[2026-06-18 16:16:07.530][INF] [平台检测] 识别成功 - 平台: PS4, 文件: Hijiyama00.ftx
[2026-06-18 16:16:08.420][INF] [文件解析] 开始解析 - 路径: F:\Codes\13\13rim dlc ex\Animation\Ida00.ftx
[2026-06-18 16:16:08.422][INF] [平台检测] 识别成功 - 平台: PS4, 文件: Ida00.ftx
[2026-06-18 16:16:08.803][INF] [文件解析] 开始解析 - 路径: F:\Codes\13\13rim dlc ex\Animation\Item00.ftx
[2026-06-18 16:16:08.804][INF] [平台检测] 识别成功 - 平台: PS4, 文件: Item00.ftx
[2026-06-18 16:16:09.068][INF] [文件解析] 开始解析 - 路径: F:\Codes\13\13rim dlc ex\Animation\Kisaragi00.ftx
[2026-06-18 16:16:09.069][INF] [平台检测] 识别成功 - 平台: PS4, 文件: Kisaragi00.ftx
[2026-06-18 16:16:09.553][INF] [文件解析] 开始解析 - 路径: F:\Codes\13\13rim dlc ex\Animation\Kurabe00.ftx
[2026-06-18 16:16:09.555][INF] [平台检测] 识别成功 - 平台: PS4, 文件: Kurabe00.ftx
[2026-06-18 16:16:10.099][INF] [文件解析] 开始解析 - 路径: F:\Codes\13\13rim dlc ex\Animation\Mask00.ftx
[2026-06-18 16:16:10.102][INF] [平台检测] 识别成功 - 平台: PS4, 文件: Mask00.ftx
[2026-06-18 16:16:10.591][INF] [文件解析] 开始解析 - 路径: F:\Codes\13\13rim dlc ex\Animation\Minami00.ftx
[2026-06-18 16:16:10.593][INF] [平台检测] 识别成功 - 平台: PS4, 文件: Minami00.ftx
[2026-06-18 16:16:11.277][INF] [文件解析] 开始解析 - 路径: F:\Codes\13\13rim dlc ex\Animation\MinamiCos00.ftx
[2026-06-18 16:16:11.279][INF] [平台检测] 识别成功 - 平台: PS4, 文件: MinamiCos00.ftx
[2026-06-18 16:16:12.015][INF] [文件解析] 开始解析 - 路径: F:\Codes\13\13rim dlc ex\Animation\Miura00.ftx
[2026-06-18 16:16:12.017][INF] [平台检测] 识别成功 - 平台: PS4, 文件: Miura00.ftx
[2026-06-18 16:16:12.662][INF] [文件解析] 开始解析 - 路径: F:\Codes\13\13rim dlc ex\Animation\Morimura00.ftx
[2026-06-18 16:16:12.664][INF] [平台检测] 识别成功 - 平台: PS4, 文件: Morimura00.ftx
[2026-06-18 16:16:12.939][INF] [文件解析] 开始解析 - 路径: F:\Codes\13\13rim dlc ex\Animation\Ogata00.ftx
[2026-06-18 16:16:12.941][INF] [平台检测] 识别成功 - 平台: PS4, 文件: Ogata00.ftx
[2026-06-18 16:16:13.629][INF] [文件解析] 开始解析 - 路径: F:\Codes\13\13rim dlc ex\Animation\Okino00.ftx
[2026-06-18 16:16:13.630][INF] [平台检测] 识别成功 - 平台: PS4, 文件: Okino00.ftx
[2026-06-18 16:16:14.025][INF] [文件解析] 开始解析 - 路径: F:\Codes\13\13rim dlc ex\Animation\Okino_josou00.ftx
[2026-06-18 16:16:14.027][INF] [平台检测] 识别成功 - 平台: PS4, 文件: Okino_josou00.ftx
[2026-06-18 16:16:14.374][INF] [文件解析] 开始解析 - 路径: F:\Codes\13\13rim dlc ex\Animation\Okino_monpe00.ftx
[2026-06-18 16:16:14.375][INF] [平台检测] 识别成功 - 平台: PS4, 文件: Okino_monpe00.ftx
[2026-06-18 16:16:14.686][INF] [文件解析] 开始解析 - 路径: F:\Codes\13\13rim dlc ex\Animation\r13_moneanime00.ftx
[2026-06-18 16:16:14.691][INF] [平台检测] 识别成功 - 平台: PS4, 文件: r13_moneanime00.ftx
[2026-06-18 16:16:15.958][INF] [文件解析] 开始解析 - 路径: F:\Codes\13\13rim dlc ex\Animation\Sawatari00.ftx
[2026-06-18 16:16:15.960][INF] [平台检测] 识别成功 - 平台: PS4, 文件: Sawatari00.ftx
[2026-06-18 16:16:16.842][INF] [文件解析] 开始解析 - 路径: F:\Codes\13\13rim dlc ex\Animation\Sekigahara00.ftx
[2026-06-18 16:16:16.844][INF] [平台检测] 识别成功 - 平台: PS4, 文件: Sekigahara00.ftx
[2026-06-18 16:16:17.217][INF] [文件解析] 开始解析 - 路径: F:\Codes\13\13rim dlc ex\Animation\Shiba00.ftx
[2026-06-18 16:16:17.219][INF] [平台检测] 识别成功 - 平台: PS4, 文件: Shiba00.ftx
[2026-06-18 16:16:17.809][INF] [文件解析] 开始解析 - 路径: F:\Codes\13\13rim dlc ex\Animation\Shinonome00.ftx
[2026-06-18 16:16:17.812][INF] [平台检测] 识别成功 - 平台: PS4, 文件: Shinonome00.ftx
[2026-06-18 16:16:19.096][INF] [文件解析] 开始解析 - 路径: F:\Codes\13\13rim dlc ex\Animation\Shippo00.ftx
[2026-06-18 16:16:19.098][INF] [平台检测] 识别成功 - 平台: PS4, 文件: Shippo00.ftx
[2026-06-18 16:16:19.176][INF] [文件解析] 开始解析 - 路径: F:\Codes\13\13rim dlc ex\Animation\Takamiya00.ftx
[2026-06-18 16:16:19.178][INF] [平台检测] 识别成功 - 平台: PS4, 文件: Takamiya00.ftx
[2026-06-18 16:16:19.891][INF] [文件解析] 开始解析 - 路径: F:\Codes\13\13rim dlc ex\Animation\Yakushiji00.ftx
[2026-06-18 16:16:19.894][INF] [平台检测] 识别成功 - 平台: PS4, 文件: Yakushiji00.ftx
[2026-06-18 16:16:20.859][INF] [文件解析] 开始解析 - 路径: F:\Codes\13\13rim dlc ex\Animation\Yakushiji_apron00.ftx
[2026-06-18 16:16:20.861][INF] [平台检测] 识别成功 - 平台: PS4, 文件: Yakushiji_apron00.ftx
[2026-06-18 16:18:02.521][INF] [文件解析] 开始解析 - 路径: F:\Codes\13\13rim dlc ex\Animation\Aiba00.ftx
[2026-06-18 16:18:02.524][INF] [平台检测] 识别成功 - 平台: PS4, 文件: Aiba00.ftx
[2026-06-18 16:18:03.172][INF] [文件解析] 开始解析 - 路径: F:\Codes\13\13rim dlc ex\Animation\Aiba_monpe00.ftx
[2026-06-18 16:18:03.174][INF] [平台检测] 识别成功 - 平台: PS4, 文件: Aiba_monpe00.ftx
[2026-06-18 16:18:03.739][INF] [文件解析] 开始解析 - 路径: F:\Codes\13\13rim dlc ex\Animation\Amiguchi00.ftx
[2026-06-18 16:18:03.741][INF] [平台检测] 识别成功 - 平台: PS4, 文件: Amiguchi00.ftx
[2026-06-18 16:18:04.466][INF] [文件解析] 开始解析 - 路径: F:\Codes\13\13rim dlc ex\Animation\Animation_BG.ftx
[2026-06-18 16:18:04.495][INF] [平台检测] 识别成功 - 平台: PS4, 文件: Animation_BG.ftx
[2026-06-18 16:18:12.807][INF] [文件解析] 开始解析 - 路径: F:\Codes\13\13rim dlc ex\Animation\Bj00.ftx
[2026-06-18 16:18:12.809][INF] [平台检测] 识别成功 - 平台: PS4, 文件: Bj00.ftx
[2026-06-18 16:18:13.084][INF] [文件解析] 开始解析 - 路径: F:\Codes\13\13rim dlc ex\Animation\Chihiro00.ftx
[2026-06-18 16:18:13.085][INF] [平台检测] 识别成功 - 平台: PS4, 文件: Chihiro00.ftx
[2026-06-18 16:18:13.422][INF] [文件解析] 开始解析 - 路径: F:\Codes\13\13rim dlc ex\Animation\Chihiro_monpe00.ftx
[2026-06-18 16:18:13.423][INF] [平台检测] 识别成功 - 平台: PS4, 文件: Chihiro_monpe00.ftx
[2026-06-18 16:18:13.737][INF] [文件解析] 开始解析 - 路径: F:\Codes\13\13rim dlc ex\Animation\Fuyusaka00.ftx
[2026-06-18 16:18:13.739][INF] [平台检测] 识别成功 - 平台: PS4, 文件: Fuyusaka00.ftx
[2026-06-18 16:18:14.462][INF] [文件解析] 开始解析 - 路径: F:\Codes\13\13rim dlc ex\Animation\Gouto00.ftx
[2026-06-18 16:18:14.464][INF] [平台检测] 识别成功 - 平台: PS4, 文件: Gouto00.ftx
[2026-06-18 16:18:15.190][INF] [文件解析] 开始解析 - 路径: F:\Codes\13\13rim dlc ex\Animation\Hijiyama00.ftx
[2026-06-18 16:18:15.192][INF] [平台检测] 识别成功 - 平台: PS4, 文件: Hijiyama00.ftx
[2026-06-18 16:18:16.092][INF] [文件解析] 开始解析 - 路径: F:\Codes\13\13rim dlc ex\Animation\Ida00.ftx
[2026-06-18 16:18:16.093][INF] [平台检测] 识别成功 - 平台: PS4, 文件: Ida00.ftx
[2026-06-18 16:18:16.427][INF] [文件解析] 开始解析 - 路径: F:\Codes\13\13rim dlc ex\Animation\Item00.ftx
[2026-06-18 16:18:16.429][INF] [平台检测] 识别成功 - 平台: PS4, 文件: Item00.ftx
[2026-06-18 16:18:16.709][INF] [文件解析] 开始解析 - 路径: F:\Codes\13\13rim dlc ex\Animation\Kisaragi00.ftx
[2026-06-18 16:18:16.710][INF] [平台检测] 识别成功 - 平台: PS4, 文件: Kisaragi00.ftx
[2026-06-18 16:18:17.225][INF] [文件解析] 开始解析 - 路径: F:\Codes\13\13rim dlc ex\Animation\Kurabe00.ftx
[2026-06-18 16:18:17.226][INF] [平台检测] 识别成功 - 平台: PS4, 文件: Kurabe00.ftx
[2026-06-18 16:18:17.805][INF] [文件解析] 开始解析 - 路径: F:\Codes\13\13rim dlc ex\Animation\Mask00.ftx
[2026-06-18 16:18:17.809][INF] [平台检测] 识别成功 - 平台: PS4, 文件: Mask00.ftx
[2026-06-18 16:18:18.330][INF] [文件解析] 开始解析 - 路径: F:\Codes\13\13rim dlc ex\Animation\Minami00.ftx
[2026-06-18 16:18:18.332][INF] [平台检测] 识别成功 - 平台: PS4, 文件: Minami00.ftx
[2026-06-18 16:18:19.103][INF] [文件解析] 开始解析 - 路径: F:\Codes\13\13rim dlc ex\Animation\MinamiCos00.ftx
[2026-06-18 16:18:19.105][INF] [平台检测] 识别成功 - 平台: PS4, 文件: MinamiCos00.ftx
[2026-06-18 16:18:19.826][INF] [文件解析] 开始解析 - 路径: F:\Codes\13\13rim dlc ex\Animation\Miura00.ftx
[2026-06-18 16:18:19.829][INF] [平台检测] 识别成功 - 平台: PS4, 文件: Miura00.ftx
[2026-06-18 16:18:20.541][INF] [文件解析] 开始解析 - 路径: F:\Codes\13\13rim dlc ex\Animation\Morimura00.ftx
[2026-06-18 16:18:20.543][INF] [平台检测] 识别成功 - 平台: PS4, 文件: Morimura00.ftx
[2026-06-18 16:18:20.863][INF] [文件解析] 开始解析 - 路径: F:\Codes\13\13rim dlc ex\Animation\Ogata00.ftx
[2026-06-18 16:18:20.866][INF] [平台检测] 识别成功 - 平台: PS4, 文件: Ogata00.ftx
[2026-06-18 16:18:21.557][INF] [文件解析] 开始解析 - 路径: F:\Codes\13\13rim dlc ex\Animation\Okino00.ftx
[2026-06-18 16:18:21.559][INF] [平台检测] 识别成功 - 平台: PS4, 文件: Okino00.ftx
[2026-06-18 16:18:21.914][INF] [文件解析] 开始解析 - 路径: F:\Codes\13\13rim dlc ex\Animation\Okino_josou00.ftx
[2026-06-18 16:18:21.915][INF] [平台检测] 识别成功 - 平台: PS4, 文件: Okino_josou00.ftx
[2026-06-18 16:18:22.260][INF] [文件解析] 开始解析 - 路径: F:\Codes\13\13rim dlc ex\Animation\Okino_monpe00.ftx
[2026-06-18 16:18:22.262][INF] [平台检测] 识别成功 - 平台: PS4, 文件: Okino_monpe00.ftx
[2026-06-18 16:18:22.581][INF] [文件解析] 开始解析 - 路径: F:\Codes\13\13rim dlc ex\Animation\r13_moneanime00.ftx
[2026-06-18 16:18:22.587][INF] [平台检测] 识别成功 - 平台: PS4, 文件: r13_moneanime00.ftx
[2026-06-18 16:18:23.939][INF] [文件解析] 开始解析 - 路径: F:\Codes\13\13rim dlc ex\Animation\Sawatari00.ftx
[2026-06-18 16:18:23.941][INF] [平台检测] 识别成功 - 平台: PS4, 文件: Sawatari00.ftx
[2026-06-18 16:18:24.850][INF] [文件解析] 开始解析 - 路径: F:\Codes\13\13rim dlc ex\Animation\Sekigahara00.ftx
[2026-06-18 16:18:24.851][INF] [平台检测] 识别成功 - 平台: PS4, 文件: Sekigahara00.ftx
[2026-06-18 16:18:25.290][INF] [文件解析] 开始解析 - 路径: F:\Codes\13\13rim dlc ex\Animation\Shiba00.ftx
[2026-06-18 16:18:25.292][INF] [平台检测] 识别成功 - 平台: PS4, 文件: Shiba00.ftx
[2026-06-18 16:18:25.963][INF] [文件解析] 开始解析 - 路径: F:\Codes\13\13rim dlc ex\Animation\Shinonome00.ftx
[2026-06-18 16:18:25.966][INF] [平台检测] 识别成功 - 平台: PS4, 文件: Shinonome00.ftx
[2026-06-18 16:18:27.383][INF] [文件解析] 开始解析 - 路径: F:\Codes\13\13rim dlc ex\Animation\Shippo00.ftx
[2026-06-18 16:18:27.383][INF] [平台检测] 识别成功 - 平台: PS4, 文件: Shippo00.ftx
[2026-06-18 16:18:27.470][INF] [文件解析] 开始解析 - 路径: F:\Codes\13\13rim dlc ex\Animation\Takamiya00.ftx
[2026-06-18 16:18:27.472][INF] [平台检测] 识别成功 - 平台: PS4, 文件: Takamiya00.ftx
[2026-06-18 16:18:28.235][INF] [文件解析] 开始解析 - 路径: F:\Codes\13\13rim dlc ex\Animation\Yakushiji00.ftx
[2026-06-18 16:18:28.238][INF] [平台检测] 识别成功 - 平台: PS4, 文件: Yakushiji00.ftx
[2026-06-18 16:18:29.272][INF] [文件解析] 开始解析 - 路径: F:\Codes\13\13rim dlc ex\Animation\Yakushiji_apron00.ftx
[2026-06-18 16:18:29.274][INF] [平台检测] 识别成功 - 平台: PS4, 文件: Yakushiji_apron00.ftx
[2026-06-18 16:18:29.644][INF] [文件解析] 开始解析 - 路径: F:\Codes\13\13rim dlc ex\Font\Font.ftx
[2026-06-18 16:18:29.649][INF] [平台检测] 识别成功 - 平台: PS4, 文件: Font.ftx
[2026-06-18 16:18:30.768][INF] [文件解析] 开始解析 - 路径: F:\Codes\13\13rim dlc ex\Game\Game.ftx
[2026-06-18 16:18:30.777][INF] [平台检测] 识别成功 - 平台: PS4, 文件: Game.ftx
